[2026-01-29 09:04:22] local.ERROR: SQLSTATE[42S01]: Base table or view already exists: 1050 Table 'study_logs' already exists (Connection: mysql, SQL: create table `study_logs` (`id` bigint unsigned not null auto_increment primary key, `user_id` bigint unsigned not null, `subject` varchar(255) not null, `description` text null, `date` date not null, `hours` int null, `notes` text null, `created_at` timestamp null, `updated_at` timestamp null) default character set utf8mb4 collate 'utf8mb4_unicode_ci') {"exception":"[object] (Illuminate\\Database\\QueryException(code: 42S01): SQLSTATE[42S01]: Base table or view already exists: 1050 Table 'study_logs' already exists (Connection: mysql, SQL: create table `study_logs` (`id` bigint unsigned not null auto_increment primary key, `user_id` bigint unsigned not null, `subject` varchar(255) not null, `description` text null, `date` date not null, `hours` int null, `notes` text null, `created_at` timestamp null, `updated_at` timestamp null) default character set utf8mb4 collate 'utf8mb4_unicode_ci') at D:/Mine/Projects/Tracker/tracker-backend/vendor/illuminate/database/Connection.php:829)
[stacktrace]
#0 D:/Mine/Projects/Tracker/tracker-backend/vendor/illuminate/database/Connection.php(783): Illuminate/Database/Connection->runQueryCallback('create table `s...', Array, Object(Closure))
#1 D:/Mine/Projects/Tracker/tracker-backend/vendor/illuminate/database/Connection.php(588): Illuminate/Database/Connection->run('create table `s...', Array, Object(Closure))
#2 D:/Mine/Projects/Tracker/tracker-backend/vendor/illuminate/database/Schema/Blueprint.php(110): Illuminate/Database/Connection->statement('create table `s...')
#3 D:/Mine/Projects/Tracker/tracker-backend/vendor/illuminate/database/Schema/Builder.php(602): Illuminate/Database/Schema/Blueprint->build(Object(Illuminate/Database/MySqlConnection), Object(Illuminate/Database/Schema/Grammars/MySqlGrammar))
#4 D:/Mine/Projects/Tracker/tracker-backend/vendor/illuminate/database/Schema/Builder.php(460): Illuminate/Database/Schema/Builder->build(Object(Illuminate/Database/Schema/Blueprint))
#5 D:/Mine/Projects/Tracker/tracker-backend/vendor/illuminate/support/Facades/Facade.php(355): Illuminate/Database/Schema/Builder->create('study_logs', Object(Closure))
#6 D:/Mine/Projects/Tracker/tracker-backend/database/migrations/2026_01_29_090406_create_study_logs_table.php(25): Illuminate/Support/Facades/Facade::__callStatic('create', Array)
#7 D:/Mine/Projects/Tracker/tracker-backend/vendor/illuminate/database/Migrations/Migrator.php(501): Illuminate/Database/Migrations/Migration@anonymous->up()
#8 D:/Mine/Projects/Tracker/tracker-backend/vendor/illuminate/database/Migrations/Migrator.php(418): Illuminate/Database/Migrations/Migrator->runMethod(Object(Illuminate/Database/MySqlConnection), Object(Illuminate/Database/Migrations/Migration@anonymous), 'up')
#9 D:/Mine/Projects/Tracker/tracker-backend/vendor/illuminate/database/Migrations/Migrator.php(427): Illuminate/Database/Migrations/Migrator->Illuminate/Database/Migrations/{closure}()
#10 D:/Mine/Projects/Tracker/tracker-backend/vendor/illuminate/database/Migrations/Migrator.php(224): Illuminate/Database/Migrations/Migrator->runMigration(Object(Illuminate/Database/Migrations/Migration@anonymous), 'up')
#11 D:/Mine/Projects/Tracker/tracker-backend/vendor/illuminate/console/View/Components/Task.php(37): Illuminate/Database/Migrations/Migrator->Illuminate/Database/Migrations/{closure}()
#12 D:/Mine/Projects/Tracker/tracker-backend/vendor/illuminate/database/Migrations/Migrator.php(783): Illuminate/Console/View/Components/Task->render('2026_01_29_0904...', Object(Closure))
#13 D:/Mine/Projects/Tracker/tracker-backend/vendor/illuminate/database/Migrations/Migrator.php(224): Illuminate/Database/Migrations/Migrator->write('Illuminate//Cons...', '2026_01_29_0904...', Object(Closure))
#14 D:/Mine/Projects/Tracker/tracker-backend/vendor/illuminate/database/Migrations/Migrator.php(189): Illuminate/Database/Migrations/Migrator->runUp('D://Mine//Project...', 3, false)
#15 D:/Mine/Projects/Tracker/tracker-backend/vendor/illuminate/database/Migrations/Migrator.php(132): Illuminate/Database/Migrations/Migrator->runPending(Array, Array)
#16 D:/Mine/Projects/Tracker/tracker-backend/vendor/illuminate/database/Console/Migrations/MigrateCommand.php(92): Illuminate/Database/Migrations/Migrator->run(Array, Array)
#17 D:/Mine/Projects/Tracker/tracker-backend/vendor/illuminate/database/Migrations/Migrator.php(641): Illuminate/Database/Console/Migrations/MigrateCommand->Illuminate/Database/Console/Migrations/{closure}()
#18 D:/Mine/Projects/Tracker/tracker-backend/vendor/illuminate/database/Console/Migrations/MigrateCommand.php(104): Illuminate/Database/Migrations/Migrator->usingConnection(NULL, Object(Closure))
#19 D:/Mine/Projects/Tracker/tracker-backend/vendor/illuminate/container/BoundMethod.php(36): Illuminate/Database/Console/Migrations/MigrateCommand->handle()
#20 D:/Mine/Projects/Tracker/tracker-backend/vendor/illuminate/container/Util.php(41): Illuminate/Container/BoundMethod::Illuminate/Container/{closure}()
#21 D:/Mine/Projects/Tracker/tracker-backend/vendor/illuminate/container/BoundMethod.php(93): Illuminate/Container/Util::unwrapIfClosure(Object(Closure))
#22 D:/Mine/Projects/Tracker/tracker-backend/vendor/illuminate/container/BoundMethod.php(37): Illuminate/Container/BoundMethod::callBoundMethod(Object(Laravel/Lumen/Application), Array, Object(Closure))
#23 D:/Mine/Projects/Tracker/tracker-backend/vendor/illuminate/container/Container.php(662): Illuminate/Container/BoundMethod::call(Object(Laravel/Lumen/Application), Array, Array, NULL)
#24 D:/Mine/Projects/Tracker/tracker-backend/vendor/illuminate/console/Command.php(211): Illuminate/Container/Container->call(Array)
#25 D:/Mine/Projects/Tracker/tracker-backend/vendor/symfony/console/Command/Command.php(326): Illuminate/Console/Command->execute(Object(Symfony/Component/Console/Input/ArgvInput), Object(Illuminate/Console/OutputStyle))
#26 D:/Mine/Projects/Tracker/tracker-backend/vendor/illuminate/console/Command.php(181): Symfony/Component/Console/Command/Command->run(Object(Symfony/Component/Console/Input/ArgvInput), Object(Illuminate/Console/OutputStyle))
#27 D:/Mine/Projects/Tracker/tracker-backend/vendor/symfony/console/Application.php(1083): Illuminate/Console/Command->run(Object(Symfony/Component/Console/Input/ArgvInput), Object(Symfony/Component/Console/Output/ConsoleOutput))
#28 D:/Mine/Projects/Tracker/tracker-backend/vendor/symfony/console/Application.php(324): Symfony/Component/Console/Application->doRunCommand(Object(Illuminate/Database/Console/Migrations/MigrateCommand), Object(Symfony/Component/Console/Input/ArgvInput), Object(Symfony/Component/Console/Output/ConsoleOutput))
#29 D:/Mine/Projects/Tracker/tracker-backend/vendor/symfony/console/Application.php(175): Symfony/Component/Console/Application->doRun(Object(Symfony/Component/Console/Input/ArgvInput), Object(Symfony/Component/Console/Output/ConsoleOutput))
#30 D:/Mine/Projects/Tracker/tracker-backend/vendor/laravel/lumen-framework/src/Console/Kernel.php(160): Symfony/Component/Console/Application->run(Object(Symfony/Component/Console/Input/ArgvInput), Object(Symfony/Component/Console/Output/ConsoleOutput))
#31 D:/Mine/Projects/Tracker/tracker-backend/artisan(35): Laravel/Lumen/Console/Kernel->handle(Object(Symfony/Component/Console/Input/ArgvInput), Object(Symfony/Component/Console/Output/ConsoleOutput))
#32 {main}

[previous exception] [object] (PDOException(code: 42S01): SQLSTATE[42S01]: Base table or view already exists: 1050 Table 'study_logs' already exists at D:/Mine/Projects/Tracker/tracker-backend/vendor/illuminate/database/Connection.php:587)
[stacktrace]
#0 D:/Mine/Projects/Tracker/tracker-backend/vendor/illuminate/database/Connection.php(587): PDOStatement->execute()
#1 D:/Mine/Projects/Tracker/tracker-backend/vendor/illuminate/database/Connection.php(816): Illuminate/Database/Connection->Illuminate/Database/{closure}('create table `s...', Array)
#2 D:/Mine/Projects/Tracker/tracker-backend/vendor/illuminate/database/Connection.php(783): Illuminate/Database/Connection->runQueryCallback('create table `s...', Array, Object(Closure))
#3 D:/Mine/Projects/Tracker/tracker-backend/vendor/illuminate/database/Connection.php(588): Illuminate/Database/Connection->run('create table `s...', Array, Object(Closure))
#4 D:/Mine/Projects/Tracker/tracker-backend/vendor/illuminate/database/Schema/Blueprint.php(110): Illuminate/Database/Connection->statement('create table `s...')
#5 D:/Mine/Projects/Tracker/tracker-backend/vendor/illuminate/database/Schema/Builder.php(602): Illuminate/Database/Schema/Blueprint->build(Object(Illuminate/Database/MySqlConnection), Object(Illuminate/Database/Schema/Grammars/MySqlGrammar))
#6 D:/Mine/Projects/Tracker/tracker-backend/vendor/illuminate/database/Schema/Builder.php(460): Illuminate/Database/Schema/Builder->build(Object(Illuminate/Database/Schema/Blueprint))
#7 D:/Mine/Projects/Tracker/tracker-backend/vendor/illuminate/support/Facades/Facade.php(355): Illuminate/Database/Schema/Builder->create('study_logs', Object(Closure))
#8 D:/Mine/Projects/Tracker/tracker-backend/database/migrations/2026_01_29_090406_create_study_logs_table.php(25): Illuminate/Support/Facades/Facade::__callStatic('create', Array)
#9 D:/Mine/Projects/Tracker/tracker-backend/vendor/illuminate/database/Migrations/Migrator.php(501): Illuminate/Database/Migrations/Migration@anonymous->up()
#10 D:/Mine/Projects/Tracker/tracker-backend/vendor/illuminate/database/Migrations/Migrator.php(418): Illuminate/Database/Migrations/Migrator->runMethod(Object(Illuminate/Database/MySqlConnection), Object(Illuminate/Database/Migrations/Migration@anonymous), 'up')
#11 D:/Mine/Projects/Tracker/tracker-backend/vendor/illuminate/database/Migrations/Migrator.php(427): Illuminate/Database/Migrations/Migrator->Illuminate/Database/Migrations/{closure}()
#12 D:/Mine/Projects/Tracker/tracker-backend/vendor/illuminate/database/Migrations/Migrator.php(224): Illuminate/Database/Migrations/Migrator->runMigration(Object(Illuminate/Database/Migrations/Migration@anonymous), 'up')
#13 D:/Mine/Projects/Tracker/tracker-backend/vendor/illuminate/console/View/Components/Task.php(37): Illuminate/Database/Migrations/Migrator->Illuminate/Database/Migrations/{closure}()
#14 D:/Mine/Projects/Tracker/tracker-backend/vendor/illuminate/database/Migrations/Migrator.php(783): Illuminate/Console/View/Components/Task->render('2026_01_29_0904...', Object(Closure))
#15 D:/Mine/Projects/Tracker/tracker-backend/vendor/illuminate/database/Migrations/Migrator.php(224): Illuminate/Database/Migrations/Migrator->write('Illuminate//Cons...', '2026_01_29_0904...', Object(Closure))
#16 D:/Mine/Projects/Tracker/tracker-backend/vendor/illuminate/database/Migrations/Migrator.php(189): Illuminate/Database/Migrations/Migrator->runUp('D://Mine//Project...', 3, false)
#17 D:/Mine/Projects/Tracker/tracker-backend/vendor/illuminate/database/Migrations/Migrator.php(132): Illuminate/Database/Migrations/Migrator->runPending(Array, Array)
#18 D:/Mine/Projects/Tracker/tracker-backend/vendor/illuminate/database/Console/Migrations/MigrateCommand.php(92): Illuminate/Database/Migrations/Migrator->run(Array, Array)
#19 D:/Mine/Projects/Tracker/tracker-backend/vendor/illuminate/database/Migrations/Migrator.php(641): Illuminate/Database/Console/Migrations/MigrateCommand->Illuminate/Database/Console/Migrations/{closure}()
#20 D:/Mine/Projects/Tracker/tracker-backend/vendor/illuminate/database/Console/Migrations/MigrateCommand.php(104): Illuminate/Database/Migrations/Migrator->usingConnection(NULL, Object(Closure))
#21 D:/Mine/Projects/Tracker/tracker-backend/vendor/illuminate/container/BoundMethod.php(36): Illuminate/Database/Console/Migrations/MigrateCommand->handle()
#22 D:/Mine/Projects/Tracker/tracker-backend/vendor/illuminate/container/Util.php(41): Illuminate/Container/BoundMethod::Illuminate/Container/{closure}()
#23 D:/Mine/Projects/Tracker/tracker-backend/vendor/illuminate/container/BoundMethod.php(93): Illuminate/Container/Util::unwrapIfClosure(Object(Closure))
#24 D:/Mine/Projects/Tracker/tracker-backend/vendor/illuminate/container/BoundMethod.php(37): Illuminate/Container/BoundMethod::callBoundMethod(Object(Laravel/Lumen/Application), Array, Object(Closure))
#25 D:/Mine/Projects/Tracker/tracker-backend/vendor/illuminate/container/Container.php(662): Illuminate/Container/BoundMethod::call(Object(Laravel/Lumen/Application), Array, Array, NULL)
#26 D:/Mine/Projects/Tracker/tracker-backend/vendor/illuminate/console/Command.php(211): Illuminate/Container/Container->call(Array)
#27 D:/Mine/Projects/Tracker/tracker-backend/vendor/symfony/console/Command/Command.php(326): Illuminate/Console/Command->execute(Object(Symfony/Component/Console/Input/ArgvInput), Object(Illuminate/Console/OutputStyle))
#28 D:/Mine/Projects/Tracker/tracker-backend/vendor/illuminate/console/Command.php(181): Symfony/Component/Console/Command/Command->run(Object(Symfony/Component/Console/Input/ArgvInput), Object(Illuminate/Console/OutputStyle))
#29 D:/Mine/Projects/Tracker/tracker-backend/vendor/symfony/console/Application.php(1083): Illuminate/Console/Command->run(Object(Symfony/Component/Console/Input/ArgvInput), Object(Symfony/Component/Console/Output/ConsoleOutput))
#30 D:/Mine/Projects/Tracker/tracker-backend/vendor/symfony/console/Application.php(324): Symfony/Component/Console/Application->doRunCommand(Object(Illuminate/Database/Console/Migrations/MigrateCommand), Object(Symfony/Component/Console/Input/ArgvInput), Object(Symfony/Component/Console/Output/ConsoleOutput))
#31 D:/Mine/Projects/Tracker/tracker-backend/vendor/symfony/console/Application.php(175): Symfony/Component/Console/Application->doRun(Object(Symfony/Component/Console/Input/ArgvInput), Object(Symfony/Component/Console/Output/ConsoleOutput))
#32 D:/Mine/Projects/Tracker/tracker-backend/vendor/laravel/lumen-framework/src/Console/Kernel.php(160): Symfony/Component/Console/Application->run(Object(Symfony/Component/Console/Input/ArgvInput), Object(Symfony/Component/Console/Output/ConsoleOutput))
#33 D:/Mine/Projects/Tracker/tracker-backend/artisan(35): Laravel/Lumen/Console/Kernel->handle(Object(Symfony/Component/Console/Input/ArgvInput), Object(Symfony/Component/Console/Output/ConsoleOutput))
#34 {main}
"} 
[2026-01-29 11:05:08] local.ERROR: Method Illuminate\Validation\Validator::validateFloat does not exist. {"exception":"[object] (BadMethodCallException(code: 0): Method Illuminate\\Validation\\Validator::validateFloat does not exist. at D:/Mine/Projects/Tracker/tracker-backend/vendor/illuminate/validation/Validator.php:1646)
[stacktrace]
#0 D:/Mine/Projects/Tracker/tracker-backend/vendor/illuminate/validation/Validator.php(660): Illuminate/Validation/Validator->__call('validateFloat', Array)
#1 D:/Mine/Projects/Tracker/tracker-backend/vendor/illuminate/validation/Validator.php(459): Illuminate/Validation/Validator->validateAttribute('hours', 'Float')
#2 D:/Mine/Projects/Tracker/tracker-backend/vendor/illuminate/validation/Validator.php(494): Illuminate/Validation/Validator->passes()
#3 D:/Mine/Projects/Tracker/tracker-backend/app/Http/Controllers/StudyController.php(60): Illuminate/Validation/Validator->fails()
#4 D:/Mine/Projects/Tracker/tracker-backend/vendor/illuminate/container/BoundMethod.php(36): App/Http/Controllers/StudyController->store(Object(Laravel/Lumen/Http/Request))
#5 D:/Mine/Projects/Tracker/tracker-backend/vendor/illuminate/container/Util.php(41): Illuminate/Container/BoundMethod::Illuminate/Container/{closure}()
#6 D:/Mine/Projects/Tracker/tracker-backend/vendor/illuminate/container/BoundMethod.php(93): Illuminate/Container/Util::unwrapIfClosure(Object(Closure))
#7 D:/Mine/Projects/Tracker/tracker-backend/vendor/illuminate/container/BoundMethod.php(37): Illuminate/Container/BoundMethod::callBoundMethod(Object(Laravel/Lumen/Application), Array, Object(Closure))
#8 D:/Mine/Projects/Tracker/tracker-backend/vendor/illuminate/container/Container.php(662): Illuminate/Container/BoundMethod::call(Object(Laravel/Lumen/Application), Array, Array, NULL)
#9 D:/Mine/Projects/Tracker/tracker-backend/vendor/laravel/lumen-framework/src/Concerns/RoutesRequests.php(391): Illuminate/Container/Container->call(Array, Array)
#10 D:/Mine/Projects/Tracker/tracker-backend/vendor/laravel/lumen-framework/src/Concerns/RoutesRequests.php(357): Laravel/Lumen/Application->callControllerCallable(Array, Array)
#11 D:/Mine/Projects/Tracker/tracker-backend/vendor/laravel/lumen-framework/src/Concerns/RoutesRequests.php(331): Laravel/Lumen/Application->callLumenController(Object(App/Http/Controllers/StudyController), 'store', Array)
#12 D:/Mine/Projects/Tracker/tracker-backend/vendor/laravel/lumen-framework/src/Concerns/RoutesRequests.php(284): Laravel/Lumen/Application->callControllerAction(Array)
#13 D:/Mine/Projects/Tracker/tracker-backend/vendor/laravel/lumen-framework/src/Concerns/RoutesRequests.php(264): Laravel/Lumen/Application->callActionOnArrayBasedRoute(Array)
#14 D:/Mine/Projects/Tracker/tracker-backend/vendor/laravel/lumen-framework/src/Routing/Pipeline.php(48): Laravel/Lumen/Application->Laravel/Lumen/Concerns/{closure}(Object(Laravel/Lumen/Http/Request))
#15 D:/Mine/Projects/Tracker/tracker-backend/app/Http/Middleware/AuthMiddleware.php(29): Laravel/Lumen/Routing/Pipeline->Laravel/Lumen/Routing/{closure}(Object(Laravel/Lumen/Http/Request))
#16 D:/Mine/Projects/Tracker/tracker-backend/vendor/illuminate/pipeline/Pipeline.php(183): App/Http/Middleware/AuthMiddleware->handle(Object(Laravel/Lumen/Http/Request), Object(Closure))
#17 D:/Mine/Projects/Tracker/tracker-backend/vendor/laravel/lumen-framework/src/Routing/Pipeline.php(30): Illuminate/Pipeline/Pipeline->Illuminate/Pipeline/{closure}(Object(Laravel/Lumen/Http/Request))
#18 D:/Mine/Projects/Tracker/tracker-backend/vendor/illuminate/pipeline/Pipeline.php(119): Laravel/Lumen/Routing/Pipeline->Laravel/Lumen/Routing/{closure}(Object(Laravel/Lumen/Http/Request))
#19 D:/Mine/Projects/Tracker/tracker-backend/vendor/laravel/lumen-framework/src/Concerns/RoutesRequests.php(428): Illuminate/Pipeline/Pipeline->then(Object(Closure))
#20 D:/Mine/Projects/Tracker/tracker-backend/vendor/laravel/lumen-framework/src/Concerns/RoutesRequests.php(265): Laravel/Lumen/Application->sendThroughPipeline(Array, Object(Closure))
#21 D:/Mine/Projects/Tracker/tracker-backend/vendor/laravel/lumen-framework/src/Concerns/RoutesRequests.php(171): Laravel/Lumen/Application->handleFoundRoute(Array)
#22 D:/Mine/Projects/Tracker/tracker-backend/vendor/laravel/lumen-framework/src/Routing/Pipeline.php(48): Laravel/Lumen/Application->Laravel/Lumen/Concerns/{closure}(Object(Laravel/Lumen/Http/Request))
#23 D:/Mine/Projects/Tracker/tracker-backend/app/Http/Middleware/CorsMiddleware.php(15): Laravel/Lumen/Routing/Pipeline->Laravel/Lumen/Routing/{closure}(Object(Laravel/Lumen/Http/Request))
#24 D:/Mine/Projects/Tracker/tracker-backend/vendor/illuminate/pipeline/Pipeline.php(183): App/Http/Middleware/CorsMiddleware->handle(Object(Laravel/Lumen/Http/Request), Object(Closure))
#25 D:/Mine/Projects/Tracker/tracker-backend/vendor/laravel/lumen-framework/src/Routing/Pipeline.php(30): Illuminate/Pipeline/Pipeline->Illuminate/Pipeline/{closure}(Object(Laravel/Lumen/Http/Request))
#26 D:/Mine/Projects/Tracker/tracker-backend/vendor/illuminate/pipeline/Pipeline.php(119): Laravel/Lumen/Routing/Pipeline->Laravel/Lumen/Routing/{closure}(Object(Laravel/Lumen/Http/Request))
#27 D:/Mine/Projects/Tracker/tracker-backend/vendor/laravel/lumen-framework/src/Concerns/RoutesRequests.php(428): Illuminate/Pipeline/Pipeline->then(Object(Closure))
#28 D:/Mine/Projects/Tracker/tracker-backend/vendor/laravel/lumen-framework/src/Concerns/RoutesRequests.php(177): Laravel/Lumen/Application->sendThroughPipeline(Array, Object(Closure))
#29 D:/Mine/Projects/Tracker/tracker-backend/vendor/laravel/lumen-framework/src/Concerns/RoutesRequests.php(112): Laravel/Lumen/Application->dispatch(NULL)
#30 D:/Mine/Projects/Tracker/tracker-backend/public/index.php(28): Laravel/Lumen/Application->run()
#31 {main}
"} 
[2026-01-29 12:16:05] local.ERROR: SQLSTATE[42S01]: Base table or view already exists: 1050 Table 'study_logs' already exists (Connection: mysql, SQL: create table `study_logs` (`id` bigint unsigned not null auto_increment primary key, `user_id` bigint unsigned not null, `subject` varchar(255) not null, `description` text null, `date` date not null, `hours` int null, `notes` text null, `created_at` timestamp null, `updated_at` timestamp null) default character set utf8mb4 collate 'utf8mb4_unicode_ci') {"exception":"[object] (Illuminate\\Database\\QueryException(code: 42S01): SQLSTATE[42S01]: Base table or view already exists: 1050 Table 'study_logs' already exists (Connection: mysql, SQL: create table `study_logs` (`id` bigint unsigned not null auto_increment primary key, `user_id` bigint unsigned not null, `subject` varchar(255) not null, `description` text null, `date` date not null, `hours` int null, `notes` text null, `created_at` timestamp null, `updated_at` timestamp null) default character set utf8mb4 collate 'utf8mb4_unicode_ci') at D:/Mine/Projects/Tracker/tracker-backend/vendor/illuminate/database/Connection.php:829)
[stacktrace]
#0 D:/Mine/Projects/Tracker/tracker-backend/vendor/illuminate/database/Connection.php(783): Illuminate/Database/Connection->runQueryCallback('create table `s...', Array, Object(Closure))
#1 D:/Mine/Projects/Tracker/tracker-backend/vendor/illuminate/database/Connection.php(588): Illuminate/Database/Connection->run('create table `s...', Array, Object(Closure))
#2 D:/Mine/Projects/Tracker/tracker-backend/vendor/illuminate/database/Schema/Blueprint.php(110): Illuminate/Database/Connection->statement('create table `s...')
#3 D:/Mine/Projects/Tracker/tracker-backend/vendor/illuminate/database/Schema/Builder.php(602): Illuminate/Database/Schema/Blueprint->build(Object(Illuminate/Database/MySqlConnection), Object(Illuminate/Database/Schema/Grammars/MySqlGrammar))
#4 D:/Mine/Projects/Tracker/tracker-backend/vendor/illuminate/database/Schema/Builder.php(460): Illuminate/Database/Schema/Builder->build(Object(Illuminate/Database/Schema/Blueprint))
#5 D:/Mine/Projects/Tracker/tracker-backend/vendor/illuminate/support/Facades/Facade.php(355): Illuminate/Database/Schema/Builder->create('study_logs', Object(Closure))
#6 D:/Mine/Projects/Tracker/tracker-backend/database/migrations/2026_01_29_090406_create_study_logs_table.php(25): Illuminate/Support/Facades/Facade::__callStatic('create', Array)
#7 D:/Mine/Projects/Tracker/tracker-backend/vendor/illuminate/database/Migrations/Migrator.php(501): Illuminate/Database/Migrations/Migration@anonymous->up()
#8 D:/Mine/Projects/Tracker/tracker-backend/vendor/illuminate/database/Migrations/Migrator.php(418): Illuminate/Database/Migrations/Migrator->runMethod(Object(Illuminate/Database/MySqlConnection), Object(Illuminate/Database/Migrations/Migration@anonymous), 'up')
#9 D:/Mine/Projects/Tracker/tracker-backend/vendor/illuminate/database/Migrations/Migrator.php(427): Illuminate/Database/Migrations/Migrator->Illuminate/Database/Migrations/{closure}()
#10 D:/Mine/Projects/Tracker/tracker-backend/vendor/illuminate/database/Migrations/Migrator.php(224): Illuminate/Database/Migrations/Migrator->runMigration(Object(Illuminate/Database/Migrations/Migration@anonymous), 'up')
#11 D:/Mine/Projects/Tracker/tracker-backend/vendor/illuminate/console/View/Components/Task.php(37): Illuminate/Database/Migrations/Migrator->Illuminate/Database/Migrations/{closure}()
#12 D:/Mine/Projects/Tracker/tracker-backend/vendor/illuminate/database/Migrations/Migrator.php(783): Illuminate/Console/View/Components/Task->render('2026_01_29_0904...', Object(Closure))
#13 D:/Mine/Projects/Tracker/tracker-backend/vendor/illuminate/database/Migrations/Migrator.php(224): Illuminate/Database/Migrations/Migrator->write('Illuminate//Cons...', '2026_01_29_0904...', Object(Closure))
#14 D:/Mine/Projects/Tracker/tracker-backend/vendor/illuminate/database/Migrations/Migrator.php(189): Illuminate/Database/Migrations/Migrator->runUp('D://Mine//Project...', 1, false)
#15 D:/Mine/Projects/Tracker/tracker-backend/vendor/illuminate/database/Migrations/Migrator.php(132): Illuminate/Database/Migrations/Migrator->runPending(Array, Array)
#16 D:/Mine/Projects/Tracker/tracker-backend/vendor/illuminate/database/Console/Migrations/MigrateCommand.php(92): Illuminate/Database/Migrations/Migrator->run(Array, Array)
#17 D:/Mine/Projects/Tracker/tracker-backend/vendor/illuminate/database/Migrations/Migrator.php(641): Illuminate/Database/Console/Migrations/MigrateCommand->Illuminate/Database/Console/Migrations/{closure}()
#18 D:/Mine/Projects/Tracker/tracker-backend/vendor/illuminate/database/Console/Migrations/MigrateCommand.php(104): Illuminate/Database/Migrations/Migrator->usingConnection(NULL, Object(Closure))
#19 D:/Mine/Projects/Tracker/tracker-backend/vendor/illuminate/container/BoundMethod.php(36): Illuminate/Database/Console/Migrations/MigrateCommand->handle()
#20 D:/Mine/Projects/Tracker/tracker-backend/vendor/illuminate/container/Util.php(41): Illuminate/Container/BoundMethod::Illuminate/Container/{closure}()
#21 D:/Mine/Projects/Tracker/tracker-backend/vendor/illuminate/container/BoundMethod.php(93): Illuminate/Container/Util::unwrapIfClosure(Object(Closure))
#22 D:/Mine/Projects/Tracker/tracker-backend/vendor/illuminate/container/BoundMethod.php(37): Illuminate/Container/BoundMethod::callBoundMethod(Object(Laravel/Lumen/Application), Array, Object(Closure))
#23 D:/Mine/Projects/Tracker/tracker-backend/vendor/illuminate/container/Container.php(662): Illuminate/Container/BoundMethod::call(Object(Laravel/Lumen/Application), Array, Array, NULL)
#24 D:/Mine/Projects/Tracker/tracker-backend/vendor/illuminate/console/Command.php(211): Illuminate/Container/Container->call(Array)
#25 D:/Mine/Projects/Tracker/tracker-backend/vendor/symfony/console/Command/Command.php(326): Illuminate/Console/Command->execute(Object(Symfony/Component/Console/Input/ArgvInput), Object(Illuminate/Console/OutputStyle))
#26 D:/Mine/Projects/Tracker/tracker-backend/vendor/illuminate/console/Command.php(181): Symfony/Component/Console/Command/Command->run(Object(Symfony/Component/Console/Input/ArgvInput), Object(Illuminate/Console/OutputStyle))
#27 D:/Mine/Projects/Tracker/tracker-backend/vendor/symfony/console/Application.php(1083): Illuminate/Console/Command->run(Object(Symfony/Component/Console/Input/ArgvInput), Object(Symfony/Component/Console/Output/ConsoleOutput))
#28 D:/Mine/Projects/Tracker/tracker-backend/vendor/symfony/console/Application.php(324): Symfony/Component/Console/Application->doRunCommand(Object(Illuminate/Database/Console/Migrations/MigrateCommand), Object(Symfony/Component/Console/Input/ArgvInput), Object(Symfony/Component/Console/Output/ConsoleOutput))
#29 D:/Mine/Projects/Tracker/tracker-backend/vendor/symfony/console/Application.php(175): Symfony/Component/Console/Application->doRun(Object(Symfony/Component/Console/Input/ArgvInput), Object(Symfony/Component/Console/Output/ConsoleOutput))
#30 D:/Mine/Projects/Tracker/tracker-backend/vendor/laravel/lumen-framework/src/Console/Kernel.php(160): Symfony/Component/Console/Application->run(Object(Symfony/Component/Console/Input/ArgvInput), Object(Symfony/Component/Console/Output/ConsoleOutput))
#31 D:/Mine/Projects/Tracker/tracker-backend/artisan(35): Laravel/Lumen/Console/Kernel->handle(Object(Symfony/Component/Console/Input/ArgvInput), Object(Symfony/Component/Console/Output/ConsoleOutput))
#32 {main}

[previous exception] [object] (PDOException(code: 42S01): SQLSTATE[42S01]: Base table or view already exists: 1050 Table 'study_logs' already exists at D:/Mine/Projects/Tracker/tracker-backend/vendor/illuminate/database/Connection.php:587)
[stacktrace]
#0 D:/Mine/Projects/Tracker/tracker-backend/vendor/illuminate/database/Connection.php(587): PDOStatement->execute()
#1 D:/Mine/Projects/Tracker/tracker-backend/vendor/illuminate/database/Connection.php(816): Illuminate/Database/Connection->Illuminate/Database/{closure}('create table `s...', Array)
#2 D:/Mine/Projects/Tracker/tracker-backend/vendor/illuminate/database/Connection.php(783): Illuminate/Database/Connection->runQueryCallback('create table `s...', Array, Object(Closure))
#3 D:/Mine/Projects/Tracker/tracker-backend/vendor/illuminate/database/Connection.php(588): Illuminate/Database/Connection->run('create table `s...', Array, Object(Closure))
#4 D:/Mine/Projects/Tracker/tracker-backend/vendor/illuminate/database/Schema/Blueprint.php(110): Illuminate/Database/Connection->statement('create table `s...')
#5 D:/Mine/Projects/Tracker/tracker-backend/vendor/illuminate/database/Schema/Builder.php(602): Illuminate/Database/Schema/Blueprint->build(Object(Illuminate/Database/MySqlConnection), Object(Illuminate/Database/Schema/Grammars/MySqlGrammar))
#6 D:/Mine/Projects/Tracker/tracker-backend/vendor/illuminate/database/Schema/Builder.php(460): Illuminate/Database/Schema/Builder->build(Object(Illuminate/Database/Schema/Blueprint))
#7 D:/Mine/Projects/Tracker/tracker-backend/vendor/illuminate/support/Facades/Facade.php(355): Illuminate/Database/Schema/Builder->create('study_logs', Object(Closure))
#8 D:/Mine/Projects/Tracker/tracker-backend/database/migrations/2026_01_29_090406_create_study_logs_table.php(25): Illuminate/Support/Facades/Facade::__callStatic('create', Array)
#9 D:/Mine/Projects/Tracker/tracker-backend/vendor/illuminate/database/Migrations/Migrator.php(501): Illuminate/Database/Migrations/Migration@anonymous->up()
#10 D:/Mine/Projects/Tracker/tracker-backend/vendor/illuminate/database/Migrations/Migrator.php(418): Illuminate/Database/Migrations/Migrator->runMethod(Object(Illuminate/Database/MySqlConnection), Object(Illuminate/Database/Migrations/Migration@anonymous), 'up')
#11 D:/Mine/Projects/Tracker/tracker-backend/vendor/illuminate/database/Migrations/Migrator.php(427): Illuminate/Database/Migrations/Migrator->Illuminate/Database/Migrations/{closure}()
#12 D:/Mine/Projects/Tracker/tracker-backend/vendor/illuminate/database/Migrations/Migrator.php(224): Illuminate/Database/Migrations/Migrator->runMigration(Object(Illuminate/Database/Migrations/Migration@anonymous), 'up')
#13 D:/Mine/Projects/Tracker/tracker-backend/vendor/illuminate/console/View/Components/Task.php(37): Illuminate/Database/Migrations/Migrator->Illuminate/Database/Migrations/{closure}()
#14 D:/Mine/Projects/Tracker/tracker-backend/vendor/illuminate/database/Migrations/Migrator.php(783): Illuminate/Console/View/Components/Task->render('2026_01_29_0904...', Object(Closure))
#15 D:/Mine/Projects/Tracker/tracker-backend/vendor/illuminate/database/Migrations/Migrator.php(224): Illuminate/Database/Migrations/Migrator->write('Illuminate//Cons...', '2026_01_29_0904...', Object(Closure))
#16 D:/Mine/Projects/Tracker/tracker-backend/vendor/illuminate/database/Migrations/Migrator.php(189): Illuminate/Database/Migrations/Migrator->runUp('D://Mine//Project...', 1, false)
#17 D:/Mine/Projects/Tracker/tracker-backend/vendor/illuminate/database/Migrations/Migrator.php(132): Illuminate/Database/Migrations/Migrator->runPending(Array, Array)
#18 D:/Mine/Projects/Tracker/tracker-backend/vendor/illuminate/database/Console/Migrations/MigrateCommand.php(92): Illuminate/Database/Migrations/Migrator->run(Array, Array)
#19 D:/Mine/Projects/Tracker/tracker-backend/vendor/illuminate/database/Migrations/Migrator.php(641): Illuminate/Database/Console/Migrations/MigrateCommand->Illuminate/Database/Console/Migrations/{closure}()
#20 D:/Mine/Projects/Tracker/tracker-backend/vendor/illuminate/database/Console/Migrations/MigrateCommand.php(104): Illuminate/Database/Migrations/Migrator->usingConnection(NULL, Object(Closure))
#21 D:/Mine/Projects/Tracker/tracker-backend/vendor/illuminate/container/BoundMethod.php(36): Illuminate/Database/Console/Migrations/MigrateCommand->handle()
#22 D:/Mine/Projects/Tracker/tracker-backend/vendor/illuminate/container/Util.php(41): Illuminate/Container/BoundMethod::Illuminate/Container/{closure}()
#23 D:/Mine/Projects/Tracker/tracker-backend/vendor/illuminate/container/BoundMethod.php(93): Illuminate/Container/Util::unwrapIfClosure(Object(Closure))
#24 D:/Mine/Projects/Tracker/tracker-backend/vendor/illuminate/container/BoundMethod.php(37): Illuminate/Container/BoundMethod::callBoundMethod(Object(Laravel/Lumen/Application), Array, Object(Closure))
#25 D:/Mine/Projects/Tracker/tracker-backend/vendor/illuminate/container/Container.php(662): Illuminate/Container/BoundMethod::call(Object(Laravel/Lumen/Application), Array, Array, NULL)
#26 D:/Mine/Projects/Tracker/tracker-backend/vendor/illuminate/console/Command.php(211): Illuminate/Container/Container->call(Array)
#27 D:/Mine/Projects/Tracker/tracker-backend/vendor/symfony/console/Command/Command.php(326): Illuminate/Console/Command->execute(Object(Symfony/Component/Console/Input/ArgvInput), Object(Illuminate/Console/OutputStyle))
#28 D:/Mine/Projects/Tracker/tracker-backend/vendor/illuminate/console/Command.php(181): Symfony/Component/Console/Command/Command->run(Object(Symfony/Component/Console/Input/ArgvInput), Object(Illuminate/Console/OutputStyle))
#29 D:/Mine/Projects/Tracker/tracker-backend/vendor/symfony/console/Application.php(1083): Illuminate/Console/Command->run(Object(Symfony/Component/Console/Input/ArgvInput), Object(Symfony/Component/Console/Output/ConsoleOutput))
#30 D:/Mine/Projects/Tracker/tracker-backend/vendor/symfony/console/Application.php(324): Symfony/Component/Console/Application->doRunCommand(Object(Illuminate/Database/Console/Migrations/MigrateCommand), Object(Symfony/Component/Console/Input/ArgvInput), Object(Symfony/Component/Console/Output/ConsoleOutput))
#31 D:/Mine/Projects/Tracker/tracker-backend/vendor/symfony/console/Application.php(175): Symfony/Component/Console/Application->doRun(Object(Symfony/Component/Console/Input/ArgvInput), Object(Symfony/Component/Console/Output/ConsoleOutput))
#32 D:/Mine/Projects/Tracker/tracker-backend/vendor/laravel/lumen-framework/src/Console/Kernel.php(160): Symfony/Component/Console/Application->run(Object(Symfony/Component/Console/Input/ArgvInput), Object(Symfony/Component/Console/Output/ConsoleOutput))
#33 D:/Mine/Projects/Tracker/tracker-backend/artisan(35): Laravel/Lumen/Console/Kernel->handle(Object(Symfony/Component/Console/Input/ArgvInput), Object(Symfony/Component/Console/Output/ConsoleOutput))
#34 {main}
"} 
[2026-01-29 12:17:24] local.ERROR: SQLSTATE[42S01]: Base table or view already exists: 1050 Table 'study_logs' already exists (Connection: mysql, SQL: create table `study_logs` (`id` bigint unsigned not null auto_increment primary key, `user_id` bigint unsigned not null, `subject` varchar(255) not null, `description` text null, `date` date not null, `hours` int null, `notes` text null, `created_at` timestamp null, `updated_at` timestamp null) default character set utf8mb4 collate 'utf8mb4_unicode_ci') {"exception":"[object] (Illuminate\\Database\\QueryException(code: 42S01): SQLSTATE[42S01]: Base table or view already exists: 1050 Table 'study_logs' already exists (Connection: mysql, SQL: create table `study_logs` (`id` bigint unsigned not null auto_increment primary key, `user_id` bigint unsigned not null, `subject` varchar(255) not null, `description` text null, `date` date not null, `hours` int null, `notes` text null, `created_at` timestamp null, `updated_at` timestamp null) default character set utf8mb4 collate 'utf8mb4_unicode_ci') at D:/Mine/Projects/Tracker/tracker-backend/vendor/illuminate/database/Connection.php:829)
[stacktrace]
#0 D:/Mine/Projects/Tracker/tracker-backend/vendor/illuminate/database/Connection.php(783): Illuminate/Database/Connection->runQueryCallback('create table `s...', Array, Object(Closure))
#1 D:/Mine/Projects/Tracker/tracker-backend/vendor/illuminate/database/Connection.php(588): Illuminate/Database/Connection->run('create table `s...', Array, Object(Closure))
#2 D:/Mine/Projects/Tracker/tracker-backend/vendor/illuminate/database/Schema/Blueprint.php(110): Illuminate/Database/Connection->statement('create table `s...')
#3 D:/Mine/Projects/Tracker/tracker-backend/vendor/illuminate/database/Schema/Builder.php(602): Illuminate/Database/Schema/Blueprint->build(Object(Illuminate/Database/MySqlConnection), Object(Illuminate/Database/Schema/Grammars/MySqlGrammar))
#4 D:/Mine/Projects/Tracker/tracker-backend/vendor/illuminate/database/Schema/Builder.php(460): Illuminate/Database/Schema/Builder->build(Object(Illuminate/Database/Schema/Blueprint))
#5 D:/Mine/Projects/Tracker/tracker-backend/vendor/illuminate/support/Facades/Facade.php(355): Illuminate/Database/Schema/Builder->create('study_logs', Object(Closure))
#6 D:/Mine/Projects/Tracker/tracker-backend/database/migrations/2026_01_29_090406_create_study_logs_table.php(25): Illuminate/Support/Facades/Facade::__callStatic('create', Array)
#7 D:/Mine/Projects/Tracker/tracker-backend/vendor/illuminate/database/Migrations/Migrator.php(501): Illuminate/Database/Migrations/Migration@anonymous->up()
#8 D:/Mine/Projects/Tracker/tracker-backend/vendor/illuminate/database/Migrations/Migrator.php(418): Illuminate/Database/Migrations/Migrator->runMethod(Object(Illuminate/Database/MySqlConnection), Object(Illuminate/Database/Migrations/Migration@anonymous), 'up')
#9 D:/Mine/Projects/Tracker/tracker-backend/vendor/illuminate/database/Migrations/Migrator.php(427): Illuminate/Database/Migrations/Migrator->Illuminate/Database/Migrations/{closure}()
#10 D:/Mine/Projects/Tracker/tracker-backend/vendor/illuminate/database/Migrations/Migrator.php(224): Illuminate/Database/Migrations/Migrator->runMigration(Object(Illuminate/Database/Migrations/Migration@anonymous), 'up')
#11 D:/Mine/Projects/Tracker/tracker-backend/vendor/illuminate/console/View/Components/Task.php(37): Illuminate/Database/Migrations/Migrator->Illuminate/Database/Migrations/{closure}()
#12 D:/Mine/Projects/Tracker/tracker-backend/vendor/illuminate/database/Migrations/Migrator.php(783): Illuminate/Console/View/Components/Task->render('2026_01_29_0904...', Object(Closure))
#13 D:/Mine/Projects/Tracker/tracker-backend/vendor/illuminate/database/Migrations/Migrator.php(224): Illuminate/Database/Migrations/Migrator->write('Illuminate//Cons...', '2026_01_29_0904...', Object(Closure))
#14 D:/Mine/Projects/Tracker/tracker-backend/vendor/illuminate/database/Migrations/Migrator.php(189): Illuminate/Database/Migrations/Migrator->runUp('D://Mine//Project...', 2, false)
#15 D:/Mine/Projects/Tracker/tracker-backend/vendor/illuminate/database/Migrations/Migrator.php(132): Illuminate/Database/Migrations/Migrator->runPending(Array, Array)
#16 D:/Mine/Projects/Tracker/tracker-backend/vendor/illuminate/database/Console/Migrations/MigrateCommand.php(92): Illuminate/Database/Migrations/Migrator->run(Array, Array)
#17 D:/Mine/Projects/Tracker/tracker-backend/vendor/illuminate/database/Migrations/Migrator.php(641): Illuminate/Database/Console/Migrations/MigrateCommand->Illuminate/Database/Console/Migrations/{closure}()
#18 D:/Mine/Projects/Tracker/tracker-backend/vendor/illuminate/database/Console/Migrations/MigrateCommand.php(104): Illuminate/Database/Migrations/Migrator->usingConnection(NULL, Object(Closure))
#19 D:/Mine/Projects/Tracker/tracker-backend/vendor/illuminate/container/BoundMethod.php(36): Illuminate/Database/Console/Migrations/MigrateCommand->handle()
#20 D:/Mine/Projects/Tracker/tracker-backend/vendor/illuminate/container/Util.php(41): Illuminate/Container/BoundMethod::Illuminate/Container/{closure}()
#21 D:/Mine/Projects/Tracker/tracker-backend/vendor/illuminate/container/BoundMethod.php(93): Illuminate/Container/Util::unwrapIfClosure(Object(Closure))
#22 D:/Mine/Projects/Tracker/tracker-backend/vendor/illuminate/container/BoundMethod.php(37): Illuminate/Container/BoundMethod::callBoundMethod(Object(Laravel/Lumen/Application), Array, Object(Closure))
#23 D:/Mine/Projects/Tracker/tracker-backend/vendor/illuminate/container/Container.php(662): Illuminate/Container/BoundMethod::call(Object(Laravel/Lumen/Application), Array, Array, NULL)
#24 D:/Mine/Projects/Tracker/tracker-backend/vendor/illuminate/console/Command.php(211): Illuminate/Container/Container->call(Array)
#25 D:/Mine/Projects/Tracker/tracker-backend/vendor/symfony/console/Command/Command.php(326): Illuminate/Console/Command->execute(Object(Symfony/Component/Console/Input/ArgvInput), Object(Illuminate/Console/OutputStyle))
#26 D:/Mine/Projects/Tracker/tracker-backend/vendor/illuminate/console/Command.php(181): Symfony/Component/Console/Command/Command->run(Object(Symfony/Component/Console/Input/ArgvInput), Object(Illuminate/Console/OutputStyle))
#27 D:/Mine/Projects/Tracker/tracker-backend/vendor/symfony/console/Application.php(1083): Illuminate/Console/Command->run(Object(Symfony/Component/Console/Input/ArgvInput), Object(Symfony/Component/Console/Output/ConsoleOutput))
#28 D:/Mine/Projects/Tracker/tracker-backend/vendor/symfony/console/Application.php(324): Symfony/Component/Console/Application->doRunCommand(Object(Illuminate/Database/Console/Migrations/MigrateCommand), Object(Symfony/Component/Console/Input/ArgvInput), Object(Symfony/Component/Console/Output/ConsoleOutput))
#29 D:/Mine/Projects/Tracker/tracker-backend/vendor/symfony/console/Application.php(175): Symfony/Component/Console/Application->doRun(Object(Symfony/Component/Console/Input/ArgvInput), Object(Symfony/Component/Console/Output/ConsoleOutput))
#30 D:/Mine/Projects/Tracker/tracker-backend/vendor/laravel/lumen-framework/src/Console/Kernel.php(160): Symfony/Component/Console/Application->run(Object(Symfony/Component/Console/Input/ArgvInput), Object(Symfony/Component/Console/Output/ConsoleOutput))
#31 D:/Mine/Projects/Tracker/tracker-backend/artisan(35): Laravel/Lumen/Console/Kernel->handle(Object(Symfony/Component/Console/Input/ArgvInput), Object(Symfony/Component/Console/Output/ConsoleOutput))
#32 {main}

[previous exception] [object] (PDOException(code: 42S01): SQLSTATE[42S01]: Base table or view already exists: 1050 Table 'study_logs' already exists at D:/Mine/Projects/Tracker/tracker-backend/vendor/illuminate/database/Connection.php:587)
[stacktrace]
#0 D:/Mine/Projects/Tracker/tracker-backend/vendor/illuminate/database/Connection.php(587): PDOStatement->execute()
#1 D:/Mine/Projects/Tracker/tracker-backend/vendor/illuminate/database/Connection.php(816): Illuminate/Database/Connection->Illuminate/Database/{closure}('create table `s...', Array)
#2 D:/Mine/Projects/Tracker/tracker-backend/vendor/illuminate/database/Connection.php(783): Illuminate/Database/Connection->runQueryCallback('create table `s...', Array, Object(Closure))
#3 D:/Mine/Projects/Tracker/tracker-backend/vendor/illuminate/database/Connection.php(588): Illuminate/Database/Connection->run('create table `s...', Array, Object(Closure))
#4 D:/Mine/Projects/Tracker/tracker-backend/vendor/illuminate/database/Schema/Blueprint.php(110): Illuminate/Database/Connection->statement('create table `s...')
#5 D:/Mine/Projects/Tracker/tracker-backend/vendor/illuminate/database/Schema/Builder.php(602): Illuminate/Database/Schema/Blueprint->build(Object(Illuminate/Database/MySqlConnection), Object(Illuminate/Database/Schema/Grammars/MySqlGrammar))
#6 D:/Mine/Projects/Tracker/tracker-backend/vendor/illuminate/database/Schema/Builder.php(460): Illuminate/Database/Schema/Builder->build(Object(Illuminate/Database/Schema/Blueprint))
#7 D:/Mine/Projects/Tracker/tracker-backend/vendor/illuminate/support/Facades/Facade.php(355): Illuminate/Database/Schema/Builder->create('study_logs', Object(Closure))
#8 D:/Mine/Projects/Tracker/tracker-backend/database/migrations/2026_01_29_090406_create_study_logs_table.php(25): Illuminate/Support/Facades/Facade::__callStatic('create', Array)
#9 D:/Mine/Projects/Tracker/tracker-backend/vendor/illuminate/database/Migrations/Migrator.php(501): Illuminate/Database/Migrations/Migration@anonymous->up()
#10 D:/Mine/Projects/Tracker/tracker-backend/vendor/illuminate/database/Migrations/Migrator.php(418): Illuminate/Database/Migrations/Migrator->runMethod(Object(Illuminate/Database/MySqlConnection), Object(Illuminate/Database/Migrations/Migration@anonymous), 'up')
#11 D:/Mine/Projects/Tracker/tracker-backend/vendor/illuminate/database/Migrations/Migrator.php(427): Illuminate/Database/Migrations/Migrator->Illuminate/Database/Migrations/{closure}()
#12 D:/Mine/Projects/Tracker/tracker-backend/vendor/illuminate/database/Migrations/Migrator.php(224): Illuminate/Database/Migrations/Migrator->runMigration(Object(Illuminate/Database/Migrations/Migration@anonymous), 'up')
#13 D:/Mine/Projects/Tracker/tracker-backend/vendor/illuminate/console/View/Components/Task.php(37): Illuminate/Database/Migrations/Migrator->Illuminate/Database/Migrations/{closure}()
#14 D:/Mine/Projects/Tracker/tracker-backend/vendor/illuminate/database/Migrations/Migrator.php(783): Illuminate/Console/View/Components/Task->render('2026_01_29_0904...', Object(Closure))
#15 D:/Mine/Projects/Tracker/tracker-backend/vendor/illuminate/database/Migrations/Migrator.php(224): Illuminate/Database/Migrations/Migrator->write('Illuminate//Cons...', '2026_01_29_0904...', Object(Closure))
#16 D:/Mine/Projects/Tracker/tracker-backend/vendor/illuminate/database/Migrations/Migrator.php(189): Illuminate/Database/Migrations/Migrator->runUp('D://Mine//Project...', 2, false)
#17 D:/Mine/Projects/Tracker/tracker-backend/vendor/illuminate/database/Migrations/Migrator.php(132): Illuminate/Database/Migrations/Migrator->runPending(Array, Array)
#18 D:/Mine/Projects/Tracker/tracker-backend/vendor/illuminate/database/Console/Migrations/MigrateCommand.php(92): Illuminate/Database/Migrations/Migrator->run(Array, Array)
#19 D:/Mine/Projects/Tracker/tracker-backend/vendor/illuminate/database/Migrations/Migrator.php(641): Illuminate/Database/Console/Migrations/MigrateCommand->Illuminate/Database/Console/Migrations/{closure}()
#20 D:/Mine/Projects/Tracker/tracker-backend/vendor/illuminate/database/Console/Migrations/MigrateCommand.php(104): Illuminate/Database/Migrations/Migrator->usingConnection(NULL, Object(Closure))
#21 D:/Mine/Projects/Tracker/tracker-backend/vendor/illuminate/container/BoundMethod.php(36): Illuminate/Database/Console/Migrations/MigrateCommand->handle()
#22 D:/Mine/Projects/Tracker/tracker-backend/vendor/illuminate/container/Util.php(41): Illuminate/Container/BoundMethod::Illuminate/Container/{closure}()
#23 D:/Mine/Projects/Tracker/tracker-backend/vendor/illuminate/container/BoundMethod.php(93): Illuminate/Container/Util::unwrapIfClosure(Object(Closure))
#24 D:/Mine/Projects/Tracker/tracker-backend/vendor/illuminate/container/BoundMethod.php(37): Illuminate/Container/BoundMethod::callBoundMethod(Object(Laravel/Lumen/Application), Array, Object(Closure))
#25 D:/Mine/Projects/Tracker/tracker-backend/vendor/illuminate/container/Container.php(662): Illuminate/Container/BoundMethod::call(Object(Laravel/Lumen/Application), Array, Array, NULL)
#26 D:/Mine/Projects/Tracker/tracker-backend/vendor/illuminate/console/Command.php(211): Illuminate/Container/Container->call(Array)
#27 D:/Mine/Projects/Tracker/tracker-backend/vendor/symfony/console/Command/Command.php(326): Illuminate/Console/Command->execute(Object(Symfony/Component/Console/Input/ArgvInput), Object(Illuminate/Console/OutputStyle))
#28 D:/Mine/Projects/Tracker/tracker-backend/vendor/illuminate/console/Command.php(181): Symfony/Component/Console/Command/Command->run(Object(Symfony/Component/Console/Input/ArgvInput), Object(Illuminate/Console/OutputStyle))
#29 D:/Mine/Projects/Tracker/tracker-backend/vendor/symfony/console/Application.php(1083): Illuminate/Console/Command->run(Object(Symfony/Component/Console/Input/ArgvInput), Object(Symfony/Component/Console/Output/ConsoleOutput))
#30 D:/Mine/Projects/Tracker/tracker-backend/vendor/symfony/console/Application.php(324): Symfony/Component/Console/Application->doRunCommand(Object(Illuminate/Database/Console/Migrations/MigrateCommand), Object(Symfony/Component/Console/Input/ArgvInput), Object(Symfony/Component/Console/Output/ConsoleOutput))
#31 D:/Mine/Projects/Tracker/tracker-backend/vendor/symfony/console/Application.php(175): Symfony/Component/Console/Application->doRun(Object(Symfony/Component/Console/Input/ArgvInput), Object(Symfony/Component/Console/Output/ConsoleOutput))
#32 D:/Mine/Projects/Tracker/tracker-backend/vendor/laravel/lumen-framework/src/Console/Kernel.php(160): Symfony/Component/Console/Application->run(Object(Symfony/Component/Console/Input/ArgvInput), Object(Symfony/Component/Console/Output/ConsoleOutput))
#33 D:/Mine/Projects/Tracker/tracker-backend/artisan(35): Laravel/Lumen/Console/Kernel->handle(Object(Symfony/Component/Console/Input/ArgvInput), Object(Symfony/Component/Console/Output/ConsoleOutput))
#34 {main}
"} 
[2026-01-29 12:17:34] local.ERROR: The "--fresh" option does not exist. {"exception":"[object] (Symfony\\Component\\Console\\Exception\\RuntimeException(code: 0): The \"--fresh\" option does not exist. at D:/Mine/Projects/Tracker/tracker-backend/vendor/symfony/console/Input/ArgvInput.php:223)
[stacktrace]
#0 D:/Mine/Projects/Tracker/tracker-backend/vendor/symfony/console/Input/ArgvInput.php(152): Symfony/Component/Console/Input/ArgvInput->addLongOption('fresh', NULL)
#1 D:/Mine/Projects/Tracker/tracker-backend/vendor/symfony/console/Input/ArgvInput.php(85): Symfony/Component/Console/Input/ArgvInput->parseLongOption('--fresh')
#2 D:/Mine/Projects/Tracker/tracker-backend/vendor/symfony/console/Input/ArgvInput.php(74): Symfony/Component/Console/Input/ArgvInput->parseToken('--fresh', true)
#3 D:/Mine/Projects/Tracker/tracker-backend/vendor/symfony/console/Input/Input.php(56): Symfony/Component/Console/Input/ArgvInput->parse()
#4 D:/Mine/Projects/Tracker/tracker-backend/vendor/symfony/console/Command/Command.php(285): Symfony/Component/Console/Input/Input->bind(Object(Symfony/Component/Console/Input/InputDefinition))
#5 D:/Mine/Projects/Tracker/tracker-backend/vendor/illuminate/console/Command.php(181): Symfony/Component/Console/Command/Command->run(Object(Symfony/Component/Console/Input/ArgvInput), Object(Illuminate/Console/OutputStyle))
#6 D:/Mine/Projects/Tracker/tracker-backend/vendor/symfony/console/Application.php(1083): Illuminate/Console/Command->run(Object(Symfony/Component/Console/Input/ArgvInput), Object(Symfony/Component/Console/Output/ConsoleOutput))
#7 D:/Mine/Projects/Tracker/tracker-backend/vendor/symfony/console/Application.php(324): Symfony/Component/Console/Application->doRunCommand(Object(Illuminate/Database/Console/Migrations/MigrateCommand), Object(Symfony/Component/Console/Input/ArgvInput), Object(Symfony/Component/Console/Output/ConsoleOutput))
#8 D:/Mine/Projects/Tracker/tracker-backend/vendor/symfony/console/Application.php(175): Symfony/Component/Console/Application->doRun(Object(Symfony/Component/Console/Input/ArgvInput), Object(Symfony/Component/Console/Output/ConsoleOutput))
#9 D:/Mine/Projects/Tracker/tracker-backend/vendor/laravel/lumen-framework/src/Console/Kernel.php(160): Symfony/Component/Console/Application->run(Object(Symfony/Component/Console/Input/ArgvInput), Object(Symfony/Component/Console/Output/ConsoleOutput))
#10 D:/Mine/Projects/Tracker/tracker-backend/artisan(35): Laravel/Lumen/Console/Kernel->handle(Object(Symfony/Component/Console/Input/ArgvInput), Object(Symfony/Component/Console/Output/ConsoleOutput))
#11 {main}
"} 
